17:38:19 **** Build of project bram_latest_testing_bsp ****
make -k all 
Running Make include in ps7_cortexa9_0/libsrc/dmaps_v2_3/src
make -C ps7_cortexa9_0/libsrc/dmaps_v2_3/src -s include  "SHELL=/bin/sh" "COMPILER=arm-none-eabi-gcc" "ARCHIVER=arm-none-eabi-ar" "COMPILER_FLAGS=  -O2 -c" "EXTRA_COMPILER_FLAGS=-mcpu=cortex-a9 -mfpu=vfpv3 -mfloat-abi=hard -nostartfiles -g -Wall -Wextra"
Running Make include in ps7_cortexa9_0/libsrc/ddrps_v1_0/src
make -C ps7_cortexa9_0/libsrc/ddrps_v1_0/src -s include  "SHELL=/bin/sh" "COMPILER=arm-none-eabi-gcc" "ARCHIVER=arm-none-eabi-ar" "COMPILER_FLAGS=  -O2 -c" "EXTRA_COMPILER_FLAGS=-mcpu=cortex-a9 -mfpu=vfpv3 -mfloat-abi=hard -nostartfiles -g -Wall -Wextra"
Running Make include in ps7_cortexa9_0/libsrc/qspips_v3_4/src
make -C ps7_cortexa9_0/libsrc/qspips_v3_4/src -s include  "SHELL=/bin/sh" "COMPILER=arm-none-eabi-gcc" "ARCHIVER=arm-none-eabi-ar" "COMPILER_FLAGS=  -O2 -c" "EXTRA_COMPILER_FLAGS=-mcpu=cortex-a9 -mfpu=vfpv3 -mfloat-abi=hard -nostartfiles -g -Wall -Wextra"
Running Make include in ps7_cortexa9_0/libsrc/standalone_v6_7/src
make -C ps7_cortexa9_0/libsrc/standalone_v6_7/src -s include  "SHELL=/bin/sh" "COMPILER=arm-none-eabi-gcc" "ARCHIVER=arm-none-eabi-ar" "COMPILER_FLAGS=  -O2 -c" "EXTRA_COMPILER_FLAGS=-mcpu=cortex-a9 -mfpu=vfpv3 -mfloat-abi=hard -nostartfiles -g -Wall -Wextra"
Running Make include in ps7_cortexa9_0/libsrc/gpiops_v3_3/src
make -C ps7_cortexa9_0/libsrc/gpiops_v3_3/src -s include  "SHELL=/bin/sh" "COMPILER=arm-none-eabi-gcc" "ARCHIVER=arm-none-eabi-ar" "COMPILER_FLAGS=  -O2 -c" "EXTRA_COMPILER_FLAGS=-mcpu=cortex-a9 -mfpu=vfpv3 -mfloat-abi=hard -nostartfiles -g -Wall -Wextra"
Running Make include in ps7_cortexa9_0/libsrc/emacps_v3_7/src
make -C ps7_cortexa9_0/libsrc/emacps_v3_7/src -s include  "SHELL=/bin/sh" "COMPILER=arm-none-eabi-gcc" "ARCHIVER=arm-none-eabi-ar" "COMPILER_FLAGS=  -O2 -c" "EXTRA_COMPILER_FLAGS=-mcpu=cortex-a9 -mfpu=vfpv3 -mfloat-abi=hard -nostartfiles -g -Wall -Wextra"
Running Make include in ps7_cortexa9_0/libsrc/devcfg_v3_5/src
make -C ps7_cortexa9_0/libsrc/devcfg_v3_5/src -s include  "SHELL=/bin/sh" "COMPILER=arm-none-eabi-gcc" "ARCHIVER=arm-none-eabi-ar" "COMPILER_FLAGS=  -O2 -c" "EXTRA_COMPILER_FLAGS=-mcpu=cortex-a9 -mfpu=vfpv3 -mfloat-abi=hard -nostartfiles -g -Wall -Wextra"
Running Make include in ps7_cortexa9_0/libsrc/scugic_v3_9/src
make -C ps7_cortexa9_0/libsrc/scugic_v3_9/src -s include  "SHELL=/bin/sh" "COMPILER=arm-none-eabi-gcc" "ARCHIVER=arm-none-eabi-ar" "COMPILER_FLAGS=  -O2 -c" "EXTRA_COMPILER_FLAGS=-mcpu=cortex-a9 -mfpu=vfpv3 -mfloat-abi=hard -nostartfiles -g -Wall -Wextra"
Running Make include in ps7_cortexa9_0/libsrc/uartps_v3_6/src
make -C ps7_cortexa9_0/libsrc/uartps_v3_6/src -s include  "SHELL=/bin/sh" "COMPILER=arm-none-eabi-gcc" "ARCHIVER=arm-none-eabi-ar" "COMPILER_FLAGS=  -O2 -c" "EXTRA_COMPILER_FLAGS=-mcpu=cortex-a9 -mfpu=vfpv3 -mfloat-abi=hard -nostartfiles -g -Wall -Wextra"
Running Make include in ps7_cortexa9_0/libsrc/xadcps_v2_2/src
make -C ps7_cortexa9_0/libsrc/xadcps_v2_2/src -s include  "SHELL=/bin/sh" "COMPILER=arm-none-eabi-gcc" "ARCHIVER=arm-none-eabi-ar" "COMPILER_FLAGS=  -O2 -c" "EXTRA_COMPILER_FLAGS=-mcpu=cortex-a9 -mfpu=vfpv3 -mfloat-abi=hard -nostartfiles -g -Wall -Wextra"
Running Make include in ps7_cortexa9_0/libsrc/bram_v4_2/src
make -C ps7_cortexa9_0/libsrc/bram_v4_2/src -s include  "SHELL=/bin/sh" "COMPILER=arm-none-eabi-gcc" "ARCHIVER=arm-none-eabi-ar" "COMPILER_FLAGS=  -O2 -c" "EXTRA_COMPILER_FLAGS=-mcpu=cortex-a9 -mfpu=vfpv3 -mfloat-abi=hard -nostartfiles -g -Wall -Wextra"
Running Make include in ps7_cortexa9_0/libsrc/cpu_cortexa9_v2_6/src
make -C ps7_cortexa9_0/libsrc/cpu_cortexa9_v2_6/src -s include  "SHELL=/bin/sh" "COMPILER=arm-none-eabi-gcc" "ARCHIVER=arm-none-eabi-ar" "COMPILER_FLAGS=  -O2 -c" "EXTRA_COMPILER_FLAGS=-mcpu=cortex-a9 -mfpu=vfpv3 -mfloat-abi=hard -nostartfiles -g -Wall -Wextra"
Running Make include in ps7_cortexa9_0/libsrc/scuwdt_v2_1/src
make -C ps7_cortexa9_0/libsrc/scuwdt_v2_1/src -s include  "SHELL=/bin/sh" "COMPILER=arm-none-eabi-gcc" "ARCHIVER=arm-none-eabi-ar" "COMPILER_FLAGS=  -O2 -c" "EXTRA_COMPILER_FLAGS=-mcpu=cortex-a9 -mfpu=vfpv3 -mfloat-abi=hard -nostartfiles -g -Wall -Wextra"
Running Make include in ps7_cortexa9_0/libsrc/ttcps_v3_6/src
make -C ps7_cortexa9_0/libsrc/ttcps_v3_6/src -s include  "SHELL=/bin/sh" "COMPILER=arm-none-eabi-gcc" "ARCHIVER=arm-none-eabi-ar" "COMPILER_FLAGS=  -O2 -c" "EXTRA_COMPILER_FLAGS=-mcpu=cortex-a9 -mfpu=vfpv3 -mfloat-abi=hard -nostartfiles -g -Wall -Wextra"
Running Make include in ps7_cortexa9_0/libsrc/sdps_v3_5/src
make -C ps7_cortexa9_0/libsrc/sdps_v3_5/src -s include  "SHELL=/bin/sh" "COMPILER=arm-none-eabi-gcc" "ARCHIVER=arm-none-eabi-ar" "COMPILER_FLAGS=  -O2 -c" "EXTRA_COMPILER_FLAGS=-mcpu=cortex-a9 -mfpu=vfpv3 -mfloat-abi=hard -nostartfiles -g -Wall -Wextra"
Running Make include in ps7_cortexa9_0/libsrc/usbps_v2_4/src
make -C ps7_cortexa9_0/libsrc/usbps_v2_4/src -s include  "SHELL=/bin/sh" "COMPILER=arm-none-eabi-gcc" "ARCHIVER=arm-none-eabi-ar" "COMPILER_FLAGS=  -O2 -c" "EXTRA_COMPILER_FLAGS=-mcpu=cortex-a9 -mfpu=vfpv3 -mfloat-abi=hard -nostartfiles -g -Wall -Wextra"
Running Make include in ps7_cortexa9_0/libsrc/coresightps_dcc_v1_4/src
make -C ps7_cortexa9_0/libsrc/coresightps_dcc_v1_4/src -s include  "SHELL=/bin/sh" "COMPILER=arm-none-eabi-gcc" "ARCHIVER=arm-none-eabi-ar" "COMPILER_FLAGS=  -O2 -c" "EXTRA_COMPILER_FLAGS=-mcpu=cortex-a9 -mfpu=vfpv3 -mfloat-abi=hard -nostartfiles -g -Wall -Wextra"
Running Make include in ps7_cortexa9_0/libsrc/scutimer_v2_1/src
make -C ps7_cortexa9_0/libsrc/scutimer_v2_1/src -s include  "SHELL=/bin/sh" "COMPILER=arm-none-eabi-gcc" "ARCHIVER=arm-none-eabi-ar" "COMPILER_FLAGS=  -O2 -c" "EXTRA_COMPILER_FLAGS=-mcpu=cortex-a9 -mfpu=vfpv3 -mfloat-abi=hard -nostartfiles -g -Wall -Wextra"
Running Make libs in ps7_cortexa9_0/libsrc/dmaps_v2_3/src
make -C ps7_cortexa9_0/libsrc/dmaps_v2_3/src -s libs  "SHELL=/bin/sh" "COMPILER=arm-none-eabi-gcc" "ARCHIVER=arm-none-eabi-ar" "COMPILER_FLAGS=  -O2 -c" "EXTRA_COMPILER_FLAGS=-mcpu=cortex-a9 -mfpu=vfpv3 -mfloat-abi=hard -nostartfiles -g -Wall -Wextra"
Compiling dmaps
arm-none-eabi-ar: creating ../../../lib/libxil.a
Running Make libs in ps7_cortexa9_0/libsrc/ddrps_v1_0/src
make -C ps7_cortexa9_0/libsrc/ddrps_v1_0/src -s libs  "SHELL=/bin/sh" "COMPILER=arm-none-eabi-gcc" "ARCHIVER=arm-none-eabi-ar" "COMPILER_FLAGS=  -O2 -c" "EXTRA_COMPILER_FLAGS=-mcpu=cortex-a9 -mfpu=vfpv3 -mfloat-abi=hard -nostartfiles -g -Wall -Wextra"
Compiling ddrps
Running Make libs in ps7_cortexa9_0/libsrc/qspips_v3_4/src
make -C ps7_cortexa9_0/libsrc/qspips_v3_4/src -s libs  "SHELL=/bin/sh" "COMPILER=arm-none-eabi-gcc" "ARCHIVER=arm-none-eabi-ar" "COMPILER_FLAGS=  -O2 -c" "EXTRA_COMPILER_FLAGS=-mcpu=cortex-a9 -mfpu=vfpv3 -mfloat-abi=hard -nostartfiles -g -Wall -Wextra"
Compiling qspips
Running Make libs in ps7_cortexa9_0/libsrc/standalone_v6_7/src
make -C ps7_cortexa9_0/libsrc/standalone_v6_7/src -s libs  "SHELL=/bin/sh" "COMPILER=arm-none-eabi-gcc" "ARCHIVER=arm-none-eabi-ar" "COMPILER_FLAGS=  -O2 -c" "EXTRA_COMPILER_FLAGS=-mcpu=cortex-a9 -mfpu=vfpv3 -mfloat-abi=hard -nostartfiles -g -Wall -Wextra"
Compiling standalone
In file included from xtime_l.c:53:0:
xtime_l.h:89:9: note: #pragma message: For the sleep routines, Global timer is being used
 #pragma message ("For the sleep routines, Global timer is being used")
         ^~~~~~~
In file included from sleep.c:57:0:
xtime_l.h:89:9: note: #pragma message: For the sleep routines, Global timer is being used
 #pragma message ("For the sleep routines, Global timer is being used")
         ^~~~~~~
In file included from xil_sleeptimer.c:55:0:
xtime_l.h:89:9: note: #pragma message: For the sleep routines, Global timer is being used
 #pragma message ("For the sleep routines, Global timer is being used")
         ^~~~~~~
In file included from usleep.c:60:0:
xtime_l.h:89:9: note: #pragma message: For the sleep routines, Global timer is being used
 #pragma message ("For the sleep routines, Global timer is being used")
         ^~~~~~~
Running Make libs in ps7_cortexa9_0/libsrc/gpiops_v3_3/src
make -C ps7_cortexa9_0/libsrc/gpiops_v3_3/src -s libs  "SHELL=/bin/sh" "COMPILER=arm-none-eabi-gcc" "ARCHIVER=arm-none-eabi-ar" "COMPILER_FLAGS=  -O2 -c" "EXTRA_COMPILER_FLAGS=-mcpu=cortex-a9 -mfpu=vfpv3 -mfloat-abi=hard -nostartfiles -g -Wall -Wextra"
Compiling gpiops
Running Make libs in ps7_cortexa9_0/libsrc/emacps_v3_7/src
make -C ps7_cortexa9_0/libsrc/emacps_v3_7/src -s libs  "SHELL=/bin/sh" "COMPILER=arm-none-eabi-gcc" "ARCHIVER=arm-none-eabi-ar" "COMPILER_FLAGS=  -O2 -c" "EXTRA_COMPILER_FLAGS=-mcpu=cortex-a9 -mfpu=vfpv3 -mfloat-abi=hard -nostartfiles -g -Wall -Wextra"
Compiling emacps
Running Make libs in ps7_cortexa9_0/libsrc/devcfg_v3_5/src
make -C ps7_cortexa9_0/libsrc/devcfg_v3_5/src -s libs  "SHELL=/bin/sh" "COMPILER=arm-none-eabi-gcc" "ARCHIVER=arm-none-eabi-ar" "COMPILER_FLAGS=  -O2 -c" "EXTRA_COMPILER_FLAGS=-mcpu=cortex-a9 -mfpu=vfpv3 -mfloat-abi=hard -nostartfiles -g -Wall -Wextra"
Compiling devcfg
Running Make libs in ps7_cortexa9_0/libsrc/scugic_v3_9/src
make -C ps7_cortexa9_0/libsrc/scugic_v3_9/src -s libs  "SHELL=/bin/sh" "COMPILER=arm-none-eabi-gcc" "ARCHIVER=arm-none-eabi-ar" "COMPILER_FLAGS=  -O2 -c" "EXTRA_COMPILER_FLAGS=-mcpu=cortex-a9 -mfpu=vfpv3 -mfloat-abi=hard -nostartfiles -g -Wall -Wextra"
Compiling scugic
Running Make libs in ps7_cortexa9_0/libsrc/uartps_v3_6/src
make -C ps7_cortexa9_0/libsrc/uartps_v3_6/src -s libs  "SHELL=/bin/sh" "COMPILER=arm-none-eabi-gcc" "ARCHIVER=arm-none-eabi-ar" "COMPILER_FLAGS=  -O2 -c" "EXTRA_COMPILER_FLAGS=-mcpu=cortex-a9 -mfpu=vfpv3 -mfloat-abi=hard -nostartfiles -g -Wall -Wextra"
Compiling uartps
Running Make libs in ps7_cortexa9_0/libsrc/xadcps_v2_2/src
make -C ps7_cortexa9_0/libsrc/xadcps_v2_2/src -s libs  "SHELL=/bin/sh" "COMPILER=arm-none-eabi-gcc" "ARCHIVER=arm-none-eabi-ar" "COMPILER_FLAGS=  -O2 -c" "EXTRA_COMPILER_FLAGS=-mcpu=cortex-a9 -mfpu=vfpv3 -mfloat-abi=hard -nostartfiles -g -Wall -Wextra"
Compiling xadcps
Running Make libs in ps7_cortexa9_0/libsrc/bram_v4_2/src
make -C ps7_cortexa9_0/libsrc/bram_v4_2/src -s libs  "SHELL=/bin/sh" "COMPILER=arm-none-eabi-gcc" "ARCHIVER=arm-none-eabi-ar" "COMPILER_FLAGS=  -O2 -c" "EXTRA_COMPILER_FLAGS=-mcpu=cortex-a9 -mfpu=vfpv3 -mfloat-abi=hard -nostartfiles -g -Wall -Wextra"
Compiling bram
Running Make libs in ps7_cortexa9_0/libsrc/cpu_cortexa9_v2_6/src
make -C ps7_cortexa9_0/libsrc/cpu_cortexa9_v2_6/src -s libs  "SHELL=/bin/sh" "COMPILER=arm-none-eabi-gcc" "ARCHIVER=arm-none-eabi-ar" "COMPILER_FLAGS=  -O2 -c" "EXTRA_COMPILER_FLAGS=-mcpu=cortex-a9 -mfpu=vfpv3 -mfloat-abi=hard -nostartfiles -g -Wall -Wextra"
Compiling cpu_cortexa9
Running Make libs in ps7_cortexa9_0/libsrc/scuwdt_v2_1/src
make -C ps7_cortexa9_0/libsrc/scuwdt_v2_1/src -s libs  "SHELL=/bin/sh" "COMPILER=arm-none-eabi-gcc" "ARCHIVER=arm-none-eabi-ar" "COMPILER_FLAGS=  -O2 -c" "EXTRA_COMPILER_FLAGS=-mcpu=cortex-a9 -mfpu=vfpv3 -mfloat-abi=hard -nostartfiles -g -Wall -Wextra"
Compiling scuwdt
Running Make libs in ps7_cortexa9_0/libsrc/ttcps_v3_6/src
make -C ps7_cortexa9_0/libsrc/ttcps_v3_6/src -s libs  "SHELL=/bin/sh" "COMPILER=arm-none-eabi-gcc" "ARCHIVER=arm-none-eabi-ar" "COMPILER_FLAGS=  -O2 -c" "EXTRA_COMPILER_FLAGS=-mcpu=cortex-a9 -mfpu=vfpv3 -mfloat-abi=hard -nostartfiles -g -Wall -Wextra"
Compiling ttcps
Running Make libs in ps7_cortexa9_0/libsrc/sdps_v3_5/src
make -C ps7_cortexa9_0/libsrc/sdps_v3_5/src -s libs  "SHELL=/bin/sh" "COMPILER=arm-none-eabi-gcc" "ARCHIVER=arm-none-eabi-ar" "COMPILER_FLAGS=  -O2 -c" "EXTRA_COMPILER_FLAGS=-mcpu=cortex-a9 -mfpu=vfpv3 -mfloat-abi=hard -nostartfiles -g -Wall -Wextra"
Compiling sdps
Running Make libs in ps7_cortexa9_0/libsrc/usbps_v2_4/src
make -C ps7_cortexa9_0/libsrc/usbps_v2_4/src -s libs  "SHELL=/bin/sh" "COMPILER=arm-none-eabi-gcc" "ARCHIVER=arm-none-eabi-ar" "COMPILER_FLAGS=  -O2 -c" "EXTRA_COMPILER_FLAGS=-mcpu=cortex-a9 -mfpu=vfpv3 -mfloat-abi=hard -nostartfiles -g -Wall -Wextra"
Compiling usbps
Running Make libs in ps7_cortexa9_0/libsrc/coresightps_dcc_v1_4/src
make -C ps7_cortexa9_0/libsrc/coresightps_dcc_v1_4/src -s libs  "SHELL=/bin/sh" "COMPILER=arm-none-eabi-gcc" "ARCHIVER=arm-none-eabi-ar" "COMPILER_FLAGS=  -O2 -c" "EXTRA_COMPILER_FLAGS=-mcpu=cortex-a9 -mfpu=vfpv3 -mfloat-abi=hard -nostartfiles -g -Wall -Wextra"
Compiling coresightps_dcc
Running Make libs in ps7_cortexa9_0/libsrc/scutimer_v2_1/src
make -C ps7_cortexa9_0/libsrc/scutimer_v2_1/src -s libs  "SHELL=/bin/sh" "COMPILER=arm-none-eabi-gcc" "ARCHIVER=arm-none-eabi-ar" "COMPILER_FLAGS=  -O2 -c" "EXTRA_COMPILER_FLAGS=-mcpu=cortex-a9 -mfpu=vfpv3 -mfloat-abi=hard -nostartfiles -g -Wall -Wextra"
Compiling scutimer
Finished building libraries
17:38:27 **** Build of configuration Debug for project bram_latest_testing ****
make pre-build main-build 
a9-linaro-pre-build-step
 
Building file: ../src/helloworld.c
Invoking: ARM v7 gcc compiler
arm-none-eabi-gcc -Wall -O0 -g3 -c -fmessage-length=0 -MT"src/helloworld.o" -mcpu=cortex-a9 -mfpu=vfpv3 -mfloat-abi=hard -I../../bram_latest_testing_bsp/ps7_cortexa9_0/include -MMD -MP -MF"src/helloworld.d" -MT"src/helloworld.o" -o "src/helloworld.o" "../src/helloworld.c"
Finished building: ../src/helloworld.c
 
Building file: ../src/platform.c
Invoking: ARM v7 gcc compiler
arm-none-eabi-gcc -Wall -O0 -g3 -c -fmessage-length=0 -MT"src/platform.o" -mcpu=cortex-a9 -mfpu=vfpv3 -mfloat-abi=hard -I../../bram_latest_testing_bsp/ps7_cortexa9_0/include -MMD -MP -MF"src/platform.d" -MT"src/platform.o" -o "src/platform.o" "../src/platform.c"
Finished building: ../src/platform.c
 
Building target: bram_latest_testing.elf
Invoking: ARM v7 gcc linker
arm-none-eabi-gcc -mcpu=cortex-a9 -mfpu=vfpv3 -mfloat-abi=hard -Wl,-build-id=none -specs=Xilinx.spec -Wl,-T -Wl,../src/lscript.ld -L../../bram_latest_testing_bsp/ps7_cortexa9_0/lib -o "bram_latest_testing.elf"  ./src/helloworld.o ./src/platform.o   -Wl,--start-group,-lxil,-lgcc,-lc,--end-group
Finished building target: bram_latest_testing.elf
 
Invoking: ARM v7 Print Size
arm-none-eabi-size bram_latest_testing.elf  |tee "bram_latest_testing.elf.size"
   text	   data	    bss	    dec	    hex	filename
  19352	   1144	  22568	  43064	   a838	bram_latest_testing.elf
Finished building: bram_latest_testing.elf.size
 
17:38:52 **** Auto Build of configuration Debug for project bram_latest_testing ****
make pre-build main-build 
a9-linaro-pre-build-step
 
Building file: ../src/helloworld.c
Invoking: ARM v7 gcc compiler
arm-none-eabi-gcc -Wall -O0 -g3 -c -fmessage-length=0 -MT"src/helloworld.o" -mcpu=cortex-a9 -mfpu=vfpv3 -mfloat-abi=hard -I../../bram_latest_testing_bsp/ps7_cortexa9_0/include -MMD -MP -MF"src/helloworld.d" -MT"src/helloworld.o" -o "src/helloworld.o" "../src/helloworld.c"
In file included from ../../bram_latest_testing_bsp/ps7_cortexa9_0/include/xil_printf.h:12:0,
                 from ../src/helloworld.c:3:
../src/helloworld.c: In function 'main':
../../bram_latest_testing_bsp/ps7_cortexa9_0/include/xparameters.h:49:45: warning: initialization makes pointer from integer without a cast [-Wint-conversion]
 #define XPAR_AXI_BRAM_CTRL_0_S_AXI_BASEADDR 0x40000000U
                                             ^
../src/helloworld.c:15:29: note: in expansion of macro 'XPAR_AXI_BRAM_CTRL_0_S_AXI_BASEADDR'
     unsigned int* bramptr = XPAR_AXI_BRAM_CTRL_0_S_AXI_BASEADDR; //this 0x40000000 is actually the &a, the address where the starting indexof this pointer variable is pointing too.
                             ^
../src/helloworld.c:22:38: error: 'XPAR_AXI_REGS_LATEST_0_S00_AXI_BASEADDR' undeclared (first use in this function); did you mean 'XPAR_AXI_REGS_LATEST_2_0_S00_AXI_BASEADDR'?
         unsigned int* axi_regs_ptr = XPAR_AXI_REGS_LATEST_0_S00_AXI_BASEADDR;
                                      ^~~~~~~~~~~~~~~~~~~~~~~~~~~~~~~~~~~~~~~
                                      XPAR_AXI_REGS_LATEST_2_0_S00_AXI_BASEADDR
../src/helloworld.c:22:38: note: each undeclared identifier is reported only once for each function it appears in
make: *** [src/subdir.mk:26: src/helloworld.o] Error 1
17:38:59 **** Auto Build of configuration Debug for project bram_latest_testing ****
make pre-build main-build 
a9-linaro-pre-build-step
 
Building file: ../src/helloworld.c
Invoking: ARM v7 gcc compiler
arm-none-eabi-gcc -Wall -O0 -g3 -c -fmessage-length=0 -MT"src/helloworld.o" -mcpu=cortex-a9 -mfpu=vfpv3 -mfloat-abi=hard -I../../bram_latest_testing_bsp/ps7_cortexa9_0/include -MMD -MP -MF"src/helloworld.d" -MT"src/helloworld.o" -o "src/helloworld.o" "../src/helloworld.c"
In file included from ../../bram_latest_testing_bsp/ps7_cortexa9_0/include/xil_printf.h:12:0,
                 from ../src/helloworld.c:3:
../src/helloworld.c: In function 'main':
../../bram_latest_testing_bsp/ps7_cortexa9_0/include/xparameters.h:49:45: warning: initialization makes pointer from integer without a cast [-Wint-conversion]
 #define XPAR_AXI_BRAM_CTRL_0_S_AXI_BASEADDR 0x40000000U
                                             ^
../src/helloworld.c:15:29: note: in expansion of macro 'XPAR_AXI_BRAM_CTRL_0_S_AXI_BASEADDR'
     unsigned int* bramptr = XPAR_AXI_BRAM_CTRL_0_S_AXI_BASEADDR; //this 0x40000000 is actually the &a, the address where the starting indexof this pointer variable is pointing too.
                             ^
../src/helloworld.c:22:38: error: expected expression before ';' token
         unsigned int* axi_regs_ptr = ;
                                      ^
make: *** [src/subdir.mk:26: src/helloworld.o] Error 1
17:39:24 **** Auto Build of configuration Debug for project bram_latest_testing ****
make pre-build main-build 
a9-linaro-pre-build-step
 
Building file: ../src/helloworld.c
Invoking: ARM v7 gcc compiler
arm-none-eabi-gcc -Wall -O0 -g3 -c -fmessage-length=0 -MT"src/helloworld.o" -mcpu=cortex-a9 -mfpu=vfpv3 -mfloat-abi=hard -I../../bram_latest_testing_bsp/ps7_cortexa9_0/include -MMD -MP -MF"src/helloworld.d" -MT"src/helloworld.o" -o "src/helloworld.o" "../src/helloworld.c"
In file included from ../../bram_latest_testing_bsp/ps7_cortexa9_0/include/xil_printf.h:12:0,
                 from ../src/helloworld.c:3:
../src/helloworld.c: In function 'main':
../../bram_latest_testing_bsp/ps7_cortexa9_0/include/xparameters.h:49:45: warning: initialization makes pointer from integer without a cast [-Wint-conversion]
 #define XPAR_AXI_BRAM_CTRL_0_S_AXI_BASEADDR 0x40000000U
                                             ^
../src/helloworld.c:15:29: note: in expansion of macro 'XPAR_AXI_BRAM_CTRL_0_S_AXI_BASEADDR'
     unsigned int* bramptr = XPAR_AXI_BRAM_CTRL_0_S_AXI_BASEADDR; //this 0x40000000 is actually the &a, the address where the starting indexof this pointer variable is pointing too.
                             ^
../../bram_latest_testing_bsp/ps7_cortexa9_0/include/xparameters.h:170:51: warning: initialization makes pointer from integer without a cast [-Wint-conversion]
 #define XPAR_AXI_REGS_LATEST_2_0_S00_AXI_BASEADDR 0x43C00000
                                                   ^
../src/helloworld.c:22:38: note: in expansion of macro 'XPAR_AXI_REGS_LATEST_2_0_S00_AXI_BASEADDR'
         unsigned int* axi_regs_ptr = XPAR_AXI_REGS_LATEST_2_0_S00_AXI_BASEADDR;
                                      ^
Finished building: ../src/helloworld.c
 
Building target: bram_latest_testing.elf
Invoking: ARM v7 gcc linker
arm-none-eabi-gcc -mcpu=cortex-a9 -mfpu=vfpv3 -mfloat-abi=hard -Wl,-build-id=none -specs=Xilinx.spec -Wl,-T -Wl,../src/lscript.ld -L../../bram_latest_testing_bsp/ps7_cortexa9_0/lib -o "bram_latest_testing.elf"  ./src/helloworld.o ./src/platform.o   -Wl,--start-group,-lxil,-lgcc,-lc,--end-group
Finished building target: bram_latest_testing.elf
 
Invoking: ARM v7 Print Size
arm-none-eabi-size bram_latest_testing.elf  |tee "bram_latest_testing.elf.size"
   text	   data	    bss	    dec	    hex	filename
  22424	   1144	  22568	  46136	   b438	bram_latest_testing.elf
Finished building: bram_latest_testing.elf.size
 
17:40:01 **** Incremental Build of configuration Debug for project bram_latest_testing ****
make pre-build main-build 
a9-linaro-pre-build-step
 
make: Nothing to be done for 'main-build'.
17:47:18 **** Auto Build of configuration Debug for project bram_latest_testing ****
make pre-build main-build 
a9-linaro-pre-build-step
 
Building file: ../src/helloworld.c
Invoking: ARM v7 gcc compiler
arm-none-eabi-gcc -Wall -O0 -g3 -c -fmessage-length=0 -MT"src/helloworld.o" -mcpu=cortex-a9 -mfpu=vfpv3 -mfloat-abi=hard -I../../bram_latest_testing_bsp/ps7_cortexa9_0/include -MMD -MP -MF"src/helloworld.d" -MT"src/helloworld.o" -o "src/helloworld.o" "../src/helloworld.c"
In file included from ../../bram_latest_testing_bsp/ps7_cortexa9_0/include/xil_printf.h:12:0,
                 from ../src/helloworld.c:3:
../src/helloworld.c: In function 'main':
../../bram_latest_testing_bsp/ps7_cortexa9_0/include/xparameters.h:49:45: warning: initialization makes pointer from integer without a cast [-Wint-conversion]
 #define XPAR_AXI_BRAM_CTRL_0_S_AXI_BASEADDR 0x40000000U
                                             ^
../src/helloworld.c:15:29: note: in expansion of macro 'XPAR_AXI_BRAM_CTRL_0_S_AXI_BASEADDR'
     unsigned int* bramptr = XPAR_AXI_BRAM_CTRL_0_S_AXI_BASEADDR; //this 0x40000000 is actually the &a, the address where the starting indexof this pointer variable is pointing too.
                             ^
../../bram_latest_testing_bsp/ps7_cortexa9_0/include/xparameters.h:170:51: warning: initialization makes pointer from integer without a cast [-Wint-conversion]
 #define XPAR_AXI_REGS_LATEST_2_0_S00_AXI_BASEADDR 0x43C00000
                                                   ^
../src/helloworld.c:22:38: note: in expansion of macro 'XPAR_AXI_REGS_LATEST_2_0_S00_AXI_BASEADDR'
         unsigned int* axi_regs_ptr = XPAR_AXI_REGS_LATEST_2_0_S00_AXI_BASEADDR;
                                      ^
Finished building: ../src/helloworld.c
 
Building target: bram_latest_testing.elf
Invoking: ARM v7 gcc linker
arm-none-eabi-gcc -mcpu=cortex-a9 -mfpu=vfpv3 -mfloat-abi=hard -Wl,-build-id=none -specs=Xilinx.spec -Wl,-T -Wl,../src/lscript.ld -L../../bram_latest_testing_bsp/ps7_cortexa9_0/lib -o "bram_latest_testing.elf"  ./src/helloworld.o ./src/platform.o   -Wl,--start-group,-lxil,-lgcc,-lc,--end-group
Finished building target: bram_latest_testing.elf
 
Invoking: ARM v7 Print Size
arm-none-eabi-size bram_latest_testing.elf  |tee "bram_latest_testing.elf.size"
   text	   data	    bss	    dec	    hex	filename
  22424	   1144	  22568	  46136	   b438	bram_latest_testing.elf
Finished building: bram_latest_testing.elf.size
 
11:13:22 **** Auto Build of configuration Debug for project bram_latest_testing ****
make pre-build main-build 
a9-linaro-pre-build-step
 
Building file: ../src/helloworld.c
Invoking: ARM v7 gcc compiler
arm-none-eabi-gcc -Wall -O0 -g3 -c -fmessage-length=0 -MT"src/helloworld.o" -mcpu=cortex-a9 -mfpu=vfpv3 -mfloat-abi=hard -I../../bram_latest_testing_bsp/ps7_cortexa9_0/include -MMD -MP -MF"src/helloworld.d" -MT"src/helloworld.o" -o "src/helloworld.o" "../src/helloworld.c"
In file included from ../../bram_latest_testing_bsp/ps7_cortexa9_0/include/xil_printf.h:12:0,
                 from ../src/helloworld.c:3:
../src/helloworld.c: In function 'main':
../../bram_latest_testing_bsp/ps7_cortexa9_0/include/xparameters.h:49:45: warning: initialization makes pointer from integer without a cast [-Wint-conversion]
 #define XPAR_AXI_BRAM_CTRL_0_S_AXI_BASEADDR 0x40000000U
                                             ^
../src/helloworld.c:15:29: note: in expansion of macro 'XPAR_AXI_BRAM_CTRL_0_S_AXI_BASEADDR'
     unsigned int* bramptr = XPAR_AXI_BRAM_CTRL_0_S_AXI_BASEADDR; //this 0x40000000 is actually the &a, the address where the starting indexof this pointer variable is pointing too.
                             ^
../../bram_latest_testing_bsp/ps7_cortexa9_0/include/xparameters.h:170:51: warning: initialization makes pointer from integer without a cast [-Wint-conversion]
 #define XPAR_AXI_REGS_LATEST_2_0_S00_AXI_BASEADDR 0x43C00000
                                                   ^
../src/helloworld.c:22:38: note: in expansion of macro 'XPAR_AXI_REGS_LATEST_2_0_S00_AXI_BASEADDR'
         unsigned int* axi_regs_ptr = XPAR_AXI_REGS_LATEST_2_0_S00_AXI_BASEADDR;
                                      ^
../src/helloworld.c:38:16: warning: suggest parentheses around assignment used as truth value [-Wparentheses]
         while (axi_regs_ptr[1]=1);  //stucks the code at this point (dk why)
                ^~~~~~~~~~~~
Finished building: ../src/helloworld.c
 
Building target: bram_latest_testing.elf
Invoking: ARM v7 gcc linker
arm-none-eabi-gcc -mcpu=cortex-a9 -mfpu=vfpv3 -mfloat-abi=hard -Wl,-build-id=none -specs=Xilinx.spec -Wl,-T -Wl,../src/lscript.ld -L../../bram_latest_testing_bsp/ps7_cortexa9_0/lib -o "bram_latest_testing.elf"  ./src/helloworld.o ./src/platform.o   -Wl,--start-group,-lxil,-lgcc,-lc,--end-group
Finished building target: bram_latest_testing.elf
 
Invoking: ARM v7 Print Size
arm-none-eabi-size bram_latest_testing.elf  |tee "bram_latest_testing.elf.size"
   text	   data	    bss	    dec	    hex	filename
  22412	   1144	  22568	  46124	   b42c	bram_latest_testing.elf
Finished building: bram_latest_testing.elf.size
 
11:13:26 **** Auto Build of configuration Debug for project bram_latest_testing ****
make pre-build main-build 
a9-linaro-pre-build-step
 
Building file: ../src/helloworld.c
Invoking: ARM v7 gcc compiler
arm-none-eabi-gcc -Wall -O0 -g3 -c -fmessage-length=0 -MT"src/helloworld.o" -mcpu=cortex-a9 -mfpu=vfpv3 -mfloat-abi=hard -I../../bram_latest_testing_bsp/ps7_cortexa9_0/include -MMD -MP -MF"src/helloworld.d" -MT"src/helloworld.o" -o "src/helloworld.o" "../src/helloworld.c"
In file included from ../../bram_latest_testing_bsp/ps7_cortexa9_0/include/xil_printf.h:12:0,
                 from ../src/helloworld.c:3:
../src/helloworld.c: In function 'main':
../../bram_latest_testing_bsp/ps7_cortexa9_0/include/xparameters.h:49:45: warning: initialization makes pointer from integer without a cast [-Wint-conversion]
 #define XPAR_AXI_BRAM_CTRL_0_S_AXI_BASEADDR 0x40000000U
                                             ^
../src/helloworld.c:15:29: note: in expansion of macro 'XPAR_AXI_BRAM_CTRL_0_S_AXI_BASEADDR'
     unsigned int* bramptr = XPAR_AXI_BRAM_CTRL_0_S_AXI_BASEADDR; //this 0x40000000 is actually the &a, the address where the starting indexof this pointer variable is pointing too.
                             ^
../../bram_latest_testing_bsp/ps7_cortexa9_0/include/xparameters.h:170:51: warning: initialization makes pointer from integer without a cast [-Wint-conversion]
 #define XPAR_AXI_REGS_LATEST_2_0_S00_AXI_BASEADDR 0x43C00000
                                                   ^
../src/helloworld.c:22:38: note: in expansion of macro 'XPAR_AXI_REGS_LATEST_2_0_S00_AXI_BASEADDR'
         unsigned int* axi_regs_ptr = XPAR_AXI_REGS_LATEST_2_0_S00_AXI_BASEADDR;
                                      ^
Finished building: ../src/helloworld.c
 
Building target: bram_latest_testing.elf
Invoking: ARM v7 gcc linker
arm-none-eabi-gcc -mcpu=cortex-a9 -mfpu=vfpv3 -mfloat-abi=hard -Wl,-build-id=none -specs=Xilinx.spec -Wl,-T -Wl,../src/lscript.ld -L../../bram_latest_testing_bsp/ps7_cortexa9_0/lib -o "bram_latest_testing.elf"  ./src/helloworld.o ./src/platform.o   -Wl,--start-group,-lxil,-lgcc,-lc,--end-group
Finished building target: bram_latest_testing.elf
 
Invoking: ARM v7 Print Size
arm-none-eabi-size bram_latest_testing.elf  |tee "bram_latest_testing.elf.size"
   text	   data	    bss	    dec	    hex	filename
  22488	   1144	  22568	  46200	   b478	bram_latest_testing.elf
Finished building: bram_latest_testing.elf.size
 
11:14:57 **** Auto Build of configuration Debug for project bram_latest_testing ****
make pre-build main-build 
a9-linaro-pre-build-step
 
Building file: ../src/helloworld.c
Invoking: ARM v7 gcc compiler
arm-none-eabi-gcc -Wall -O0 -g3 -c -fmessage-length=0 -MT"src/helloworld.o" -mcpu=cortex-a9 -mfpu=vfpv3 -mfloat-abi=hard -I../../bram_latest_testing_bsp/ps7_cortexa9_0/include -MMD -MP -MF"src/helloworld.d" -MT"src/helloworld.o" -o "src/helloworld.o" "../src/helloworld.c"
In file included from ../../bram_latest_testing_bsp/ps7_cortexa9_0/include/xil_printf.h:12:0,
                 from ../src/helloworld.c:3:
../src/helloworld.c: In function 'main':
../../bram_latest_testing_bsp/ps7_cortexa9_0/include/xparameters.h:49:45: warning: initialization makes pointer from integer without a cast [-Wint-conversion]
 #define XPAR_AXI_BRAM_CTRL_0_S_AXI_BASEADDR 0x40000000U
                                             ^
../src/helloworld.c:15:29: note: in expansion of macro 'XPAR_AXI_BRAM_CTRL_0_S_AXI_BASEADDR'
     unsigned int* bramptr = XPAR_AXI_BRAM_CTRL_0_S_AXI_BASEADDR; //this 0x40000000 is actually the &a, the address where the starting indexof this pointer variable is pointing too.
                             ^
../../bram_latest_testing_bsp/ps7_cortexa9_0/include/xparameters.h:170:51: warning: initialization makes pointer from integer without a cast [-Wint-conversion]
 #define XPAR_AXI_REGS_LATEST_2_0_S00_AXI_BASEADDR 0x43C00000
                                                   ^
../src/helloworld.c:22:38: note: in expansion of macro 'XPAR_AXI_REGS_LATEST_2_0_S00_AXI_BASEADDR'
         unsigned int* axi_regs_ptr = XPAR_AXI_REGS_LATEST_2_0_S00_AXI_BASEADDR;
                                      ^
Finished building: ../src/helloworld.c
 
Building target: bram_latest_testing.elf
Invoking: ARM v7 gcc linker
arm-none-eabi-gcc -mcpu=cortex-a9 -mfpu=vfpv3 -mfloat-abi=hard -Wl,-build-id=none -specs=Xilinx.spec -Wl,-T -Wl,../src/lscript.ld -L../../bram_latest_testing_bsp/ps7_cortexa9_0/lib -o "bram_latest_testing.elf"  ./src/helloworld.o ./src/platform.o   -Wl,--start-group,-lxil,-lgcc,-lc,--end-group
Finished building target: bram_latest_testing.elf
 
Invoking: ARM v7 Print Size
arm-none-eabi-size bram_latest_testing.elf  |tee "bram_latest_testing.elf.size"
   text	   data	    bss	    dec	    hex	filename
  22424	   1144	  22568	  46136	   b438	bram_latest_testing.elf
Finished building: bram_latest_testing.elf.size
 
11:15:07 **** Auto Build of configuration Debug for project bram_latest_testing ****
make pre-build main-build 
a9-linaro-pre-build-step
 
Building file: ../src/helloworld.c
Invoking: ARM v7 gcc compiler
arm-none-eabi-gcc -Wall -O0 -g3 -c -fmessage-length=0 -MT"src/helloworld.o" -mcpu=cortex-a9 -mfpu=vfpv3 -mfloat-abi=hard -I../../bram_latest_testing_bsp/ps7_cortexa9_0/include -MMD -MP -MF"src/helloworld.d" -MT"src/helloworld.o" -o "src/helloworld.o" "../src/helloworld.c"
In file included from ../../bram_latest_testing_bsp/ps7_cortexa9_0/include/xil_printf.h:12:0,
                 from ../src/helloworld.c:3:
../src/helloworld.c: In function 'main':
../../bram_latest_testing_bsp/ps7_cortexa9_0/include/xparameters.h:49:45: warning: initialization makes pointer from integer without a cast [-Wint-conversion]
 #define XPAR_AXI_BRAM_CTRL_0_S_AXI_BASEADDR 0x40000000U
                                             ^
../src/helloworld.c:15:29: note: in expansion of macro 'XPAR_AXI_BRAM_CTRL_0_S_AXI_BASEADDR'
     unsigned int* bramptr = XPAR_AXI_BRAM_CTRL_0_S_AXI_BASEADDR; //this 0x40000000 is actually the &a, the address where the starting indexof this pointer variable is pointing too.
                             ^
../../bram_latest_testing_bsp/ps7_cortexa9_0/include/xparameters.h:170:51: warning: initialization makes pointer from integer without a cast [-Wint-conversion]
 #define XPAR_AXI_REGS_LATEST_2_0_S00_AXI_BASEADDR 0x43C00000
                                                   ^
../src/helloworld.c:22:38: note: in expansion of macro 'XPAR_AXI_REGS_LATEST_2_0_S00_AXI_BASEADDR'
         unsigned int* axi_regs_ptr = XPAR_AXI_REGS_LATEST_2_0_S00_AXI_BASEADDR;
                                      ^
Finished building: ../src/helloworld.c
 
Building target: bram_latest_testing.elf
Invoking: ARM v7 gcc linker
arm-none-eabi-gcc -mcpu=cortex-a9 -mfpu=vfpv3 -mfloat-abi=hard -Wl,-build-id=none -specs=Xilinx.spec -Wl,-T -Wl,../src/lscript.ld -L../../bram_latest_testing_bsp/ps7_cortexa9_0/lib -o "bram_latest_testing.elf"  ./src/helloworld.o ./src/platform.o   -Wl,--start-group,-lxil,-lgcc,-lc,--end-group
Finished building target: bram_latest_testing.elf
 
Invoking: ARM v7 Print Size
arm-none-eabi-size bram_latest_testing.elf  |tee "bram_latest_testing.elf.size"
   text	   data	    bss	    dec	    hex	filename
  22424	   1144	  22568	  46136	   b438	bram_latest_testing.elf
Finished building: bram_latest_testing.elf.size
 
11:15:19 **** Auto Build of configuration Debug for project bram_latest_testing ****
make pre-build main-build 
a9-linaro-pre-build-step
 
Building file: ../src/helloworld.c
Invoking: ARM v7 gcc compiler
arm-none-eabi-gcc -Wall -O0 -g3 -c -fmessage-length=0 -MT"src/helloworld.o" -mcpu=cortex-a9 -mfpu=vfpv3 -mfloat-abi=hard -I../../bram_latest_testing_bsp/ps7_cortexa9_0/include -MMD -MP -MF"src/helloworld.d" -MT"src/helloworld.o" -o "src/helloworld.o" "../src/helloworld.c"
In file included from ../../bram_latest_testing_bsp/ps7_cortexa9_0/include/xil_printf.h:12:0,
                 from ../src/helloworld.c:3:
../src/helloworld.c: In function 'main':
../../bram_latest_testing_bsp/ps7_cortexa9_0/include/xparameters.h:49:45: warning: initialization makes pointer from integer without a cast [-Wint-conversion]
 #define XPAR_AXI_BRAM_CTRL_0_S_AXI_BASEADDR 0x40000000U
                                             ^
../src/helloworld.c:15:29: note: in expansion of macro 'XPAR_AXI_BRAM_CTRL_0_S_AXI_BASEADDR'
     unsigned int* bramptr = XPAR_AXI_BRAM_CTRL_0_S_AXI_BASEADDR; //this 0x40000000 is actually the &a, the address where the starting indexof this pointer variable is pointing too.
                             ^
../../bram_latest_testing_bsp/ps7_cortexa9_0/include/xparameters.h:170:51: warning: initialization makes pointer from integer without a cast [-Wint-conversion]
 #define XPAR_AXI_REGS_LATEST_2_0_S00_AXI_BASEADDR 0x43C00000
                                                   ^
../src/helloworld.c:22:38: note: in expansion of macro 'XPAR_AXI_REGS_LATEST_2_0_S00_AXI_BASEADDR'
         unsigned int* axi_regs_ptr = XPAR_AXI_REGS_LATEST_2_0_S00_AXI_BASEADDR;
                                      ^
Finished building: ../src/helloworld.c
 
Building target: bram_latest_testing.elf
Invoking: ARM v7 gcc linker
arm-none-eabi-gcc -mcpu=cortex-a9 -mfpu=vfpv3 -mfloat-abi=hard -Wl,-build-id=none -specs=Xilinx.spec -Wl,-T -Wl,../src/lscript.ld -L../../bram_latest_testing_bsp/ps7_cortexa9_0/lib -o "bram_latest_testing.elf"  ./src/helloworld.o ./src/platform.o   -Wl,--start-group,-lxil,-lgcc,-lc,--end-group
Finished building target: bram_latest_testing.elf
 
Invoking: ARM v7 Print Size
arm-none-eabi-size bram_latest_testing.elf  |tee "bram_latest_testing.elf.size"
   text	   data	    bss	    dec	    hex	filename
  22424	   1144	  22568	  46136	   b438	bram_latest_testing.elf
Finished building: bram_latest_testing.elf.size
 
11:15:27 **** Auto Build of configuration Debug for project bram_latest_testing ****
make pre-build main-build 
a9-linaro-pre-build-step
 
Building file: ../src/helloworld.c
Invoking: ARM v7 gcc compiler
arm-none-eabi-gcc -Wall -O0 -g3 -c -fmessage-length=0 -MT"src/helloworld.o" -mcpu=cortex-a9 -mfpu=vfpv3 -mfloat-abi=hard -I../../bram_latest_testing_bsp/ps7_cortexa9_0/include -MMD -MP -MF"src/helloworld.d" -MT"src/helloworld.o" -o "src/helloworld.o" "../src/helloworld.c"
In file included from ../../bram_latest_testing_bsp/ps7_cortexa9_0/include/xil_printf.h:12:0,
                 from ../src/helloworld.c:3:
../src/helloworld.c: In function 'main':
../../bram_latest_testing_bsp/ps7_cortexa9_0/include/xparameters.h:49:45: warning: initialization makes pointer from integer without a cast [-Wint-conversion]
 #define XPAR_AXI_BRAM_CTRL_0_S_AXI_BASEADDR 0x40000000U
                                             ^
../src/helloworld.c:15:29: note: in expansion of macro 'XPAR_AXI_BRAM_CTRL_0_S_AXI_BASEADDR'
     unsigned int* bramptr = XPAR_AXI_BRAM_CTRL_0_S_AXI_BASEADDR; //this 0x40000000 is actually the &a, the address where the starting indexof this pointer variable is pointing too.
                             ^
../../bram_latest_testing_bsp/ps7_cortexa9_0/include/xparameters.h:170:51: warning: initialization makes pointer from integer without a cast [-Wint-conversion]
 #define XPAR_AXI_REGS_LATEST_2_0_S00_AXI_BASEADDR 0x43C00000
                                                   ^
../src/helloworld.c:22:38: note: in expansion of macro 'XPAR_AXI_REGS_LATEST_2_0_S00_AXI_BASEADDR'
         unsigned int* axi_regs_ptr = XPAR_AXI_REGS_LATEST_2_0_S00_AXI_BASEADDR;
                                      ^
Finished building: ../src/helloworld.c
 
Building target: bram_latest_testing.elf
Invoking: ARM v7 gcc linker
arm-none-eabi-gcc -mcpu=cortex-a9 -mfpu=vfpv3 -mfloat-abi=hard -Wl,-build-id=none -specs=Xilinx.spec -Wl,-T -Wl,../src/lscript.ld -L../../bram_latest_testing_bsp/ps7_cortexa9_0/lib -o "bram_latest_testing.elf"  ./src/helloworld.o ./src/platform.o   -Wl,--start-group,-lxil,-lgcc,-lc,--end-group
Finished building target: bram_latest_testing.elf
 
Invoking: ARM v7 Print Size
arm-none-eabi-size bram_latest_testing.elf  |tee "bram_latest_testing.elf.size"
   text	   data	    bss	    dec	    hex	filename
  22424	   1144	  22568	  46136	   b438	bram_latest_testing.elf
Finished building: bram_latest_testing.elf.size
 
11:15:54 **** Auto Build of configuration Debug for project bram_latest_testing ****
make pre-build main-build 
a9-linaro-pre-build-step
 
Building file: ../src/helloworld.c
Invoking: ARM v7 gcc compiler
arm-none-eabi-gcc -Wall -O0 -g3 -c -fmessage-length=0 -MT"src/helloworld.o" -mcpu=cortex-a9 -mfpu=vfpv3 -mfloat-abi=hard -I../../bram_latest_testing_bsp/ps7_cortexa9_0/include -MMD -MP -MF"src/helloworld.d" -MT"src/helloworld.o" -o "src/helloworld.o" "../src/helloworld.c"
In file included from ../../bram_latest_testing_bsp/ps7_cortexa9_0/include/xil_printf.h:12:0,
                 from ../src/helloworld.c:3:
../src/helloworld.c: In function 'main':
../../bram_latest_testing_bsp/ps7_cortexa9_0/include/xparameters.h:49:45: warning: initialization makes pointer from integer without a cast [-Wint-conversion]
 #define XPAR_AXI_BRAM_CTRL_0_S_AXI_BASEADDR 0x40000000U
                                             ^
../src/helloworld.c:15:29: note: in expansion of macro 'XPAR_AXI_BRAM_CTRL_0_S_AXI_BASEADDR'
     unsigned int* bramptr = XPAR_AXI_BRAM_CTRL_0_S_AXI_BASEADDR; //this 0x40000000 is actually the &a, the address where the starting indexof this pointer variable is pointing too.
                             ^
../../bram_latest_testing_bsp/ps7_cortexa9_0/include/xparameters.h:170:51: warning: initialization makes pointer from integer without a cast [-Wint-conversion]
 #define XPAR_AXI_REGS_LATEST_2_0_S00_AXI_BASEADDR 0x43C00000
                                                   ^
../src/helloworld.c:22:34: note: in expansion of macro 'XPAR_AXI_REGS_LATEST_2_0_S00_AXI_BASEADDR'
     unsigned int* axi_regs_ptr = XPAR_AXI_REGS_LATEST_2_0_S00_AXI_BASEADDR;
                                  ^
Finished building: ../src/helloworld.c
 
Building target: bram_latest_testing.elf
Invoking: ARM v7 gcc linker
arm-none-eabi-gcc -mcpu=cortex-a9 -mfpu=vfpv3 -mfloat-abi=hard -Wl,-build-id=none -specs=Xilinx.spec -Wl,-T -Wl,../src/lscript.ld -L../../bram_latest_testing_bsp/ps7_cortexa9_0/lib -o "bram_latest_testing.elf"  ./src/helloworld.o ./src/platform.o   -Wl,--start-group,-lxil,-lgcc,-lc,--end-group
Finished building target: bram_latest_testing.elf
 
Invoking: ARM v7 Print Size
arm-none-eabi-size bram_latest_testing.elf  |tee "bram_latest_testing.elf.size"
   text	   data	    bss	    dec	    hex	filename
  22424	   1144	  22568	  46136	   b438	bram_latest_testing.elf
Finished building: bram_latest_testing.elf.size
 
11:17:32 **** Auto Build of configuration Debug for project bram_latest_testing ****
make pre-build main-build 
a9-linaro-pre-build-step
 
Building file: ../src/helloworld.c
Invoking: ARM v7 gcc compiler
arm-none-eabi-gcc -Wall -O0 -g3 -c -fmessage-length=0 -MT"src/helloworld.o" -mcpu=cortex-a9 -mfpu=vfpv3 -mfloat-abi=hard -I../../bram_latest_testing_bsp/ps7_cortexa9_0/include -MMD -MP -MF"src/helloworld.d" -MT"src/helloworld.o" -o "src/helloworld.o" "../src/helloworld.c"
In file included from ../../bram_latest_testing_bsp/ps7_cortexa9_0/include/xil_printf.h:12:0,
                 from ../src/helloworld.c:3:
../src/helloworld.c: In function 'main':
../../bram_latest_testing_bsp/ps7_cortexa9_0/include/xparameters.h:49:45: warning: initialization makes pointer from integer without a cast [-Wint-conversion]
 #define XPAR_AXI_BRAM_CTRL_0_S_AXI_BASEADDR 0x40000000U
                                             ^
../src/helloworld.c:15:29: note: in expansion of macro 'XPAR_AXI_BRAM_CTRL_0_S_AXI_BASEADDR'
     unsigned int* bramptr = XPAR_AXI_BRAM_CTRL_0_S_AXI_BASEADDR; //this 0x40000000 is actually the &a, the address where the starting indexof this pointer variable is pointing too.
                             ^
../../bram_latest_testing_bsp/ps7_cortexa9_0/include/xparameters.h:170:51: warning: initialization makes pointer from integer without a cast [-Wint-conversion]
 #define XPAR_AXI_REGS_LATEST_2_0_S00_AXI_BASEADDR 0x43C00000
                                                   ^
../src/helloworld.c:22:34: note: in expansion of macro 'XPAR_AXI_REGS_LATEST_2_0_S00_AXI_BASEADDR'
     unsigned int* axi_regs_ptr = XPAR_AXI_REGS_LATEST_2_0_S00_AXI_BASEADDR;
                                  ^
Finished building: ../src/helloworld.c
 
Building target: bram_latest_testing.elf
Invoking: ARM v7 gcc linker
arm-none-eabi-gcc -mcpu=cortex-a9 -mfpu=vfpv3 -mfloat-abi=hard -Wl,-build-id=none -specs=Xilinx.spec -Wl,-T -Wl,../src/lscript.ld -L../../bram_latest_testing_bsp/ps7_cortexa9_0/lib -o "bram_latest_testing.elf"  ./src/helloworld.o ./src/platform.o   -Wl,--start-group,-lxil,-lgcc,-lc,--end-group
Finished building target: bram_latest_testing.elf
 
Invoking: ARM v7 Print Size
arm-none-eabi-size bram_latest_testing.elf  |tee "bram_latest_testing.elf.size"
   text	   data	    bss	    dec	    hex	filename
  22424	   1144	  22568	  46136	   b438	bram_latest_testing.elf
Finished building: bram_latest_testing.elf.size
 
11:19:14 **** Incremental Build of configuration Debug for project bram_latest_testing ****
make pre-build main-build 
a9-linaro-pre-build-step
 
make: Nothing to be done for 'main-build'.
11:19:31 **** Incremental Build of configuration Debug for project bram_latest_testing ****
make pre-build main-build 
a9-linaro-pre-build-step
 
make: Nothing to be done for 'main-build'.
11:19:40 **** Incremental Build of configuration Debug for project bram_latest_testing ****
make pre-build main-build 
a9-linaro-pre-build-step
 
make: Nothing to be done for 'main-build'.
11:19:53 **** Incremental Build of configuration Debug for project bram_latest_testing ****
make pre-build main-build 
a9-linaro-pre-build-step
 
make: Nothing to be done for 'main-build'.
